// Jest Snapshot v1, https://goo.gl/fbAQLP

exports[`ProductForm renders ProductForm correctly 1`] = `
<DocumentFragment>
  <section>
    <h2>
      Product list
    </h2>
    <div
      class="header-table"
    >
      <ul>
        <li>
          Product
        </li>
        <li>
          Count
        </li>
        <li>
          Price
        </li>
        <li>
          Promotional Price
        </li>
      </ul>
    </div>
    <ul
      class="product-list"
    >
      <li>
        <div
          class="product"
        >
          <span>
            T-shirt
          </span>
          <span>
            3
          </span>
          <span>
            20
          </span>
          <span>
            15
          </span>
        </div>
      </li>
      <li>
        <div
          class="product"
        >
          <span>
            Trousers
          </span>
          <span>
            5
          </span>
          <span>
            15
          </span>
          <span>
            13
          </span>
        </div>
      </li>
      <li>
        <div
          class="product"
        >
          <span>
            sweater
          </span>
          <span>
            10
          </span>
          <span>
            25
          </span>
          <span>
            15
          </span>
        </div>
      </li>
      <li>
        <div
          class="product"
        >
          <span>
            Jacket
          </span>
          <span>
            3
          </span>
          <span>
            40
          </span>
          <span>
            30
          </span>
        </div>
      </li>
    </ul>
  </section>
</DocumentFragment>
`;
